node.exe : - 
Generating browser 
application bundles 
(phase: setup)...
En C:\Program 
Files\nodejs\npx.ps1: 
29 Carácter: 3
+   & $NODE_EXE 
$NPX_CLI_JS $args
+   ~~~~~~~~~~~~~~~~~~~
~~~~~~~~~~
    + CategoryInfo     
         : NotSpecifi  
  ed: (- Generating    
 br...hase: setup).    
..:String) [], Rem    
oteException
    + FullyQualifiedEr 
   rorId : NativeComm  
  andError
 
Ô£ö Browser 
application bundle 
generation complete.
[1m[31m
./src/app/park-map/park
-map.css:1:0 - Error: 
Module parse failed: 
Unexpected token (1:0)
You may need an 
appropriate loader to 
handle this file type, 
currently no loaders 
are configured to 
process this file. See 
https://webpack.js.org/
concepts#loaders
> .park-map-wrapper {
|   position: relative;
|   width: 100%;

./src/app/park-map/park
-map.html:1:0 - Error: 
Module parse failed: 
Unexpected token (1:0)
You may need an 
appropriate loader to 
handle this file type, 
currently no loaders 
are configured to 
process this file. See 
https://webpack.js.org/
concepts#loaders
> <div class="park-map-
wrapper">
|   <h2 class="park-map
__title">{{ 
'PARK_MAP.TITLE' | 
translate }}</h2>
| 

[39m[22m
[32m02 03 2026 21:54:37.713:INFO [karma-server]: [39mKarma v6.4.4 server started at http://localhost:9876/
[32m02 03 2026 21:54:37.713:INFO [launcher]: [39mLaunching browsers ChromeHeadless with concurrency unlimited
[91m02 03 2026 21:54:37.714:ERROR [karma-server]: [39mError: Found 1 load error
    at Server.<anonymous> (C:\Users\manue\Desktop\magicworld\frontend\node_modules\karma\lib\server.js:243:26)
    at Object.onceWrapper (node:events:638:28)
    at Server.emit (node:events:536:35)
    at emitListeningNT (node:net:1955:10)
    at process.processTicksAndRejections (node:internal/process/task_queues:89:21)
Ô£ö Browser 
application bundle 
generation complete.
Ô£ö Browser 
application bundle 
generation complete.
